// Jest Snapshot v1, https://goo.gl/fbAQLP

exports[`<Root /> should match snapshot 1`] = `
<img
  src="logo.png"
/>
`;
